-- layers - ro - read only
-- caching 

let's pull nginx image
$ docker pull nginx
--latest , we are not creating a container
$ docker images
-- how was the image created ? 
# docker history nginx

IMAGE          CREATED       CREATED BY                                      SIZE      COMMENT
61395b4c586d   13 days ago   /bin/sh -c #(nop)  CMD ["nginx" "-g" "daemon…   0B        
<missing>      13 days ago   /bin/sh -c #(nop)  STOPSIGNAL SIGQUIT           0B        
<missing>      13 days ago   /bin/sh -c #(nop)  EXPOSE 80                    0B        
<missing>      13 days ago   /bin/sh -c #(nop)  ENTRYPOINT ["/docker-entr…   0B        
<missing>      13 days ago   /bin/sh -c #(nop) COPY file:9e3b2b63db9f8fc7…   4.62kB    
<missing>      13 days ago   /bin/sh -c #(nop) COPY file:57846632accc8975…   3.02kB    
<missing>      13 days ago   /bin/sh -c #(nop) COPY file:3b1b9915b7dd898a…   298B      
<missing>      13 days ago   /bin/sh -c #(nop) COPY file:caec368f5a54f70a…   2.12kB    
<missing>      13 days ago   /bin/sh -c #(nop) COPY file:01e75c6dd0ce317d…   1.62kB    
<missing>      13 days ago   /bin/sh -c set -x     && groupadd --system -…   112MB     
<missing>      13 days ago   /bin/sh -c #(nop)  ENV PKG_RELEASE=1~bookworm   0B        
<missing>      13 days ago   /bin/sh -c #(nop)  ENV NJS_VERSION=0.8.0        0B        
<missing>      13 days ago   /bin/sh -c #(nop)  ENV NGINX_VERSION=1.25.2     0B        
<missing>      13 days ago   /bin/sh -c #(nop)  LABEL maintainer=NGINX Do…   0B        
<missing>      2 weeks ago   /bin/sh -c #(nop)  CMD ["bash"]                 0B        
<missing>      2 weeks ago   /bin/sh -c #(nop) ADD file:a1398394375faab8d…   74.8MB  

$ docker images --no-trunc

$ docker tag --help

$ docker tag nginx:latest nginx:myblog_stable

$ docker ps

$ docker tag nginx:latest nginx:cristi

REPOSITORY   TAG             IMAGE ID       CREATED       SIZE
nginx        cristi          61395b4c586d   13 days ago   187MB
nginx        latest          61395b4c586d   13 days ago   187MB
nginx        myblog_stable   61395b4c586d   13 days ago   187MB
debian       latest          2657a4a0a6d5   2 weeks ago   116MB

$ docker build -t mynginx .

-- run it as a container
$ docker run -dit mynginx
-- Error response from daemon: failed to create task for container: failed to create shim task: OCI runtime create failed: runc create failed: unable to start container process: exec: "/docker-entrypoint.sh": permission denied: unknown.
-- recreate the image with 

$ docker image prune
$ docker system prune
$ docker system prune -a1398394375faab8d…
